Archive member included because of file (symbol)

/home/david/toolchains/psas/x-tools/stm32f407/arm-psas-eabi/bin/../lib/gcc/arm-psas-eabi/4.7.2/../../../../arm-psas-eabi/lib/libc.a(lib_a-memcmp.o)
                              build/obj/etharp.o (memcmp)
/home/david/toolchains/psas/x-tools/stm32f407/arm-psas-eabi/bin/../lib/gcc/arm-psas-eabi/4.7.2/../../../../arm-psas-eabi/lib/libc.a(lib_a-memcpy-stub.o)
                              build/obj/mac_lld.o (memcpy)
/home/david/toolchains/psas/x-tools/stm32f407/arm-psas-eabi/bin/../lib/gcc/arm-psas-eabi/4.7.2/../../../../arm-psas-eabi/lib/libc.a(lib_a-memset.o)
                              build/obj/usb.o (memset)
/home/david/toolchains/psas/x-tools/stm32f407/arm-psas-eabi/bin/../lib/gcc/arm-psas-eabi/4.7.2/../../../../arm-psas-eabi/lib/libc.a(lib_a-sprintf.o)
                              build/obj/main.o (sprintf)
/home/david/toolchains/psas/x-tools/stm32f407/arm-psas-eabi/bin/../lib/gcc/arm-psas-eabi/4.7.2/../../../../arm-psas-eabi/lib/libc.a(lib_a-strcasecmp.o)
                              build/obj/shell.o (strcasecmp)
/home/david/toolchains/psas/x-tools/stm32f407/arm-psas-eabi/bin/../lib/gcc/arm-psas-eabi/4.7.2/../../../../arm-psas-eabi/lib/libc.a(lib_a-strcpy.o)
                              build/obj/data_udp.o (strcpy)
/home/david/toolchains/psas/x-tools/stm32f407/arm-psas-eabi/bin/../lib/gcc/arm-psas-eabi/4.7.2/../../../../arm-psas-eabi/lib/libc.a(lib_a-strlen.o)
                              build/obj/pbuf.o (strlen)
/home/david/toolchains/psas/x-tools/stm32f407/arm-psas-eabi/bin/../lib/gcc/arm-psas-eabi/4.7.2/../../../../arm-psas-eabi/lib/libc.a(lib_a-strncmp.o)
                              build/obj/data_udp.o (strncmp)
/home/david/toolchains/psas/x-tools/stm32f407/arm-psas-eabi/bin/../lib/gcc/arm-psas-eabi/4.7.2/../../../../arm-psas-eabi/lib/libc.a(lib_a-strpbrk.o)
                              build/obj/shell.o (strpbrk)
/home/david/toolchains/psas/x-tools/stm32f407/arm-psas-eabi/bin/../lib/gcc/arm-psas-eabi/4.7.2/../../../../arm-psas-eabi/lib/libc.a(lib_a-strspn.o)
                              build/obj/shell.o (strspn)
/home/david/toolchains/psas/x-tools/stm32f407/arm-psas-eabi/bin/../lib/gcc/arm-psas-eabi/4.7.2/../../../../arm-psas-eabi/lib/libc.a(lib_a-svfprintf.o)
                              /home/david/toolchains/psas/x-tools/stm32f407/arm-psas-eabi/bin/../lib/gcc/arm-psas-eabi/4.7.2/../../../../arm-psas-eabi/lib/libc.a(lib_a-sprintf.o) (_svfprintf_r)
/home/david/toolchains/psas/x-tools/stm32f407/arm-psas-eabi/bin/../lib/gcc/arm-psas-eabi/4.7.2/../../../../arm-psas-eabi/lib/libc.a(lib_a-ctype_.o)
                              /home/david/toolchains/psas/x-tools/stm32f407/arm-psas-eabi/bin/../lib/gcc/arm-psas-eabi/4.7.2/../../../../arm-psas-eabi/lib/libc.a(lib_a-strcasecmp.o) (__ctype_ptr__)
/home/david/toolchains/psas/x-tools/stm32f407/arm-psas-eabi/bin/../lib/gcc/arm-psas-eabi/4.7.2/../../../../arm-psas-eabi/lib/libc.a(lib_a-impure.o)
                              /home/david/toolchains/psas/x-tools/stm32f407/arm-psas-eabi/bin/../lib/gcc/arm-psas-eabi/4.7.2/../../../../arm-psas-eabi/lib/libc.a(lib_a-sprintf.o) (_impure_ptr)
/home/david/toolchains/psas/x-tools/stm32f407/arm-psas-eabi/bin/../lib/gcc/arm-psas-eabi/4.7.2/../../../../arm-psas-eabi/lib/libc.a(lib_a-mallocr.o)
                              /home/david/toolchains/psas/x-tools/stm32f407/arm-psas-eabi/bin/../lib/gcc/arm-psas-eabi/4.7.2/../../../../arm-psas-eabi/lib/libc.a(lib_a-svfprintf.o) (_malloc_r)
/home/david/toolchains/psas/x-tools/stm32f407/arm-psas-eabi/bin/../lib/gcc/arm-psas-eabi/4.7.2/../../../../arm-psas-eabi/lib/libc.a(lib_a-memchr-stub.o)
                              /home/david/toolchains/psas/x-tools/stm32f407/arm-psas-eabi/bin/../lib/gcc/arm-psas-eabi/4.7.2/../../../../arm-psas-eabi/lib/libc.a(lib_a-svfprintf.o) (memchr)
/home/david/toolchains/psas/x-tools/stm32f407/arm-psas-eabi/bin/../lib/gcc/arm-psas-eabi/4.7.2/../../../../arm-psas-eabi/lib/libc.a(lib_a-mlock.o)
                              /home/david/toolchains/psas/x-tools/stm32f407/arm-psas-eabi/bin/../lib/gcc/arm-psas-eabi/4.7.2/../../../../arm-psas-eabi/lib/libc.a(lib_a-mallocr.o) (__malloc_lock)
/home/david/toolchains/psas/x-tools/stm32f407/arm-psas-eabi/bin/../lib/gcc/arm-psas-eabi/4.7.2/../../../../arm-psas-eabi/lib/libc.a(lib_a-sbrkr.o)
                              /home/david/toolchains/psas/x-tools/stm32f407/arm-psas-eabi/bin/../lib/gcc/arm-psas-eabi/4.7.2/../../../../arm-psas-eabi/lib/libc.a(lib_a-mallocr.o) (_sbrk_r)
/home/david/toolchains/psas/x-tools/stm32f407/arm-psas-eabi/bin/../lib/gcc/arm-psas-eabi/4.7.2/../../../../arm-psas-eabi/lib/libc.a(lib_a-svfiprintf.o)
                              /home/david/toolchains/psas/x-tools/stm32f407/arm-psas-eabi/bin/../lib/gcc/arm-psas-eabi/4.7.2/../../../../arm-psas-eabi/lib/libc.a(lib_a-svfprintf.o) (__ssprint_r)
[...]
Memory Configuration

Name             Origin             Length             Attributes
flash            0x0000000008000000 0x0000000000100000
ram              0x0000000020000000 0x000000000001c000
ethram           0x000000002001c000 0x0000000000004000
ccmram           0x0000000010000000 0x0000000000010000
*default*        0x0000000000000000 0xffffffffffffffff

Linker script and memory map

LOAD build/obj/crt0.o
LOAD build/obj/vectors.o
LOAD build/obj/chcore.o
LOAD build/obj/chcore_v7m.o
LOAD build/obj/nvic.o
LOAD build/obj/chsys.o
LOAD build/obj/chdebug.o
LOAD build/obj/chlists.o
LOAD build/obj/chvt.o
LOAD build/obj/chschd.o
LOAD build/obj/chthreads.o
LOAD build/obj/chdynamic.o
LOAD build/obj/chregistry.o
LOAD build/obj/chsem.o
LOAD build/obj/chmtx.o
LOAD build/obj/chcond.o
LOAD build/obj/chevents.o
LOAD build/obj/chmsg.o
LOAD build/obj/chmboxes.o
LOAD build/obj/chqueues.o
LOAD build/obj/chmemcore.o
LOAD build/obj/chheap.o
LOAD build/obj/chmempools.o
LOAD build/obj/hal.o
LOAD build/obj/adc.o
LOAD build/obj/can.o
LOAD build/obj/ext.o
LOAD build/obj/gpt.o
LOAD build/obj/i2c.o
LOAD build/obj/icu.o
LOAD build/obj/mac.o
LOAD build/obj/mmc_spi.o
LOAD build/obj/mmcsd.o
LOAD build/obj/pal.o
LOAD build/obj/pwm.o
LOAD build/obj/rtc.o
LOAD build/obj/sdc.o
LOAD build/obj/serial.o
LOAD build/obj/serial_usb.o
LOAD build/obj/spi.o
LOAD build/obj/tm.o
LOAD build/obj/uart.o
LOAD build/obj/usb.o
LOAD build/obj/stm32_dma.o
LOAD build/obj/hal_lld.o
LOAD build/obj/adc_lld.o
LOAD build/obj/ext_lld_isr.o
LOAD build/obj/can_lld.o
LOAD build/obj/ext_lld.o
LOAD build/obj/gpt_lld.o
LOAD build/obj/icu_lld.o
LOAD build/obj/mac_lld.o
LOAD build/obj/pwm_lld.o
LOAD build/obj/sdc_lld.o
LOAD build/obj/pal_lld.o
LOAD build/obj/i2c_lld.o
LOAD build/obj/usb_lld.o
LOAD build/obj/rtc_lld.o
LOAD build/obj/spi_lld.o
LOAD build/obj/serial_lld.o
LOAD build/obj/uart_lld.o
LOAD build/obj/board.o
LOAD build/obj/lwipthread.o
LOAD build/obj/sys_arch.o
LOAD build/obj/etharp.o
LOAD build/obj/dhcp.o
LOAD build/obj/dns.o
LOAD build/obj/init.o
LOAD build/obj/mem.o
LOAD build/obj/memp.o
LOAD build/obj/netif.o
LOAD build/obj/pbuf.o
LOAD build/obj/raw.o
LOAD build/obj/stats.o
LOAD build/obj/sys.o
LOAD build/obj/tcp.o
LOAD build/obj/tcp_in.o
LOAD build/obj/tcp_out.o
LOAD build/obj/udp.o
LOAD build/obj/autoip.o
LOAD build/obj/icmp.o
LOAD build/obj/igmp.o
LOAD build/obj/inet.o
LOAD build/obj/inet_chksum.o
LOAD build/obj/ip.o
LOAD build/obj/ip_addr.o
LOAD build/obj/ip_frag.o
LOAD build/obj/def.o
LOAD build/obj/timers.o
LOAD build/obj/api_lib.o
LOAD build/obj/api_msg.o
LOAD build/obj/err.o
LOAD build/obj/netbuf.o
LOAD build/obj/netdb.o
LOAD build/obj/netifapi.o
LOAD build/obj/sockets.o
LOAD build/obj/tcpip.o
LOAD build/obj/evtimer.o
LOAD build/obj/chprintf.o
LOAD build/obj/shell.o
LOAD build/obj/iwdg_lld.o
LOAD build/obj/ADIS16405.o
LOAD build/obj/MPL3115A2.o
LOAD build/obj/cmddetail.o
LOAD build/obj/extdetail.o
LOAD build/obj/usbdetail.o
LOAD build/obj/main.o
LOAD build/obj/data_udp.o
START GROUP
LOAD /home/david/toolchains/psas/x-tools/stm32f407/arm-psas-eabi/bin/../lib/gcc/arm-psas-eabi/4.7.2/libgcc.a
LOAD /home/david/toolchains/psas/x-tools/stm32f407/arm-psas-eabi/bin/../lib/gcc/arm-psas-eabi/4.7.2/../../../../arm-psas-eabi/lib/libc.a
END GROUP
                0x0000000000000400                __main_stack_size__ = 0x400
                0x0000000000000400                __process_stack_size__ = 0x400
                0x0000000020000000                __ram_start__ = ORIGIN (ram)
                0x000000000001c000                __ram_size__ = 0x1c000
                0x000000002001c000                __ram_end__ = (__ram_start__ + __ram_size__)
                0x0000000000000000                . = 0x0
                0x0000000000000000                _text = .

startup         0x0000000008000000      0x188
 *(vectors)
 vectors        0x0000000008000000      0x188 build/obj/vectors.o
                0x0000000008000000                _vectors

constructors    0x0000000008000188        0x0
                0x0000000008000188                PROVIDE (__init_array_start, .)
 *(SORT(.init_array.*))
 *(.init_array)
                0x0000000008000188                PROVIDE (__init_array_end, .)

destructors     0x0000000008000188        0x0
                0x0000000008000188                PROVIDE (__fini_array_start, .)
 *(.fini_array)
 *(SORT(.fini_array.*))
                0x0000000008000188                PROVIDE (__fini_array_end, .)

.text           0x0000000008000190    0x11414
 *(.text.startup.*)
 .text.startup.main
                0x0000000008000190      0x1a0 build/obj/main.o
                0x0000000008000190                main
 *(.text)
 .text          0x0000000008000330       0x20 /home/david/toolchains/psas/x-tools/stm32f407/arm-psas-eabi/bin/../lib/gcc/arm-psas-eabi/4.7.2/../../../../arm-psas-eabi/lib/libc.a(lib_a-memcmp.o)
                0x0000000008000330                memcmp
 .text          0x0000000008000350       0x12 /home/david/toolchains/psas/x-tools/stm32f407/arm-psas-eabi/bin/../lib/gcc/arm-psas-eabi/4.7.2/../../../../arm-psas-eabi/lib/libc.a(lib_a-memcpy-stub.o)
                0x0000000008000350                memcpy
 *fill*         0x0000000008000362        0xe 00
 .text          0x0000000008000370       0x10 /home/david/toolchains/psas/x-tools/stm32f407/arm-psas-eabi/bin/../lib/gcc/arm-psas-eabi/4.7.2/../../../../arm-psas-eabi/lib/libc.a(lib_a-memset.o)
                0x0000000008000370                memset
 .text          0x0000000008000380       0x88 /home/david/toolchains/psas/x-tools/stm32f407/arm-psas-eabi/bin/../lib/gcc/arm-psas-eabi/4.7.2/../../../../arm-psas-eabi/lib/libc.a(lib_a-sprintf.o)
                0x0000000008000380                _sprintf_r
                0x00000000080003c0                sprintf
 *fill*         0x0000000008000408        0x8 00
 .text          0x0000000008000410       0x3c /home/david/toolchains/psas/x-tools/stm32f407/arm-psas-eabi/bin/../lib/gcc/arm-psas-eabi/4.7.2/../../../../arm-psas-eabi/lib/libc.a(lib_a-strcasecmp.o)
                0x0000000008000410                strcasecmp
 *fill*         0x000000000800044c        0x4 00
 .text          0x0000000008000450       0x10 /home/david/toolchains/psas/x-tools/stm32f407/arm-psas-eabi/bin/../lib/gcc/arm-psas-eabi/4.7.2/../../../../arm-psas-eabi/lib/libc.a(lib_a-strlen.o)
                0x0000000008000450                strlen
 .text          0x0000000008000460       0x32 /home/david/toolchains/psas/x-tools/stm32f407/arm-psas-eabi/bin/../lib/gcc/arm-psas-eabi/4.7.2/../../../../arm-psas-eabi/lib/libc.a(lib_a-strpbrk.o)
                0x0000000008000460                strpbrk
 *fill*         0x0000000008000492        0xe 00
 .text          0x00000000080004a0       0x24 /home/david/toolchains/psas/x-tools/stm32f407/arm-psas-eabi/bin/../lib/gcc/arm-psas-eabi/4.7.2/../../../../arm-psas-eabi/lib/libc.a(lib_a-strspn.o)
                0x00000000080004a0                strspn
 *fill*         0x00000000080004c4        0xc 00
 .text          0x00000000080004d0      0x734 /home/david/toolchains/psas/x-tools/stm32f407/arm-psas-eabi/bin/../lib/gcc/arm-psas-eabi/4.7.2/../../../../arm-psas-eabi/lib/libc.a(lib_a-svfprintf.o)
                0x00000000080004d0                _svfprintf_r
 *fill*         0x0000000008000c04        0xc 00
 .text          0x0000000008000c10      0x3f8 /home/david/toolchains/psas/x-tools/stm32f407/arm-psas-eabi/bin/../lib/gcc/arm-psas-eabi/4.7.2/../../../../arm-psas-eabi/lib/libc.a(lib_a-mallocr.o)
                0x0000000008000c10                _malloc_r
 *fill*         0x0000000008001008        0x8 00
 .text          0x0000000008001010       0x1c /home/david/toolchains/psas/x-tools/stm32f407/arm-psas-eabi/bin/../lib/gcc/arm-psas-eabi/4.7.2/../../../../arm-psas-eabi/lib/libc.a(lib_a-memchr-stub.o)
                0x0000000008001010                memchr
 *fill*         0x000000000800102c        0x4 00
 .text          0x0000000008001030        0x4 /home/david/toolchains/psas/x-tools/stm32f407/arm-psas-eabi/bin/../lib/gcc/arm-psas-eabi/4.7.2/../../../../arm-psas-eabi/lib/libc.a(lib_a-mlock.o)
                0x0000000008001030                __malloc_lock
                0x0000000008001032                __malloc_unlock
 *fill*         0x0000000008001034        0xc 00
 .text          0x0000000008001040       0x20 /home/david/toolchains/psas/x-tools/stm32f407/arm-psas-eabi/bin/../lib/gcc/arm-psas-eabi/4.7.2/../../../../arm-psas-eabi/lib/libc.a(lib_a-sbrkr.o)
                0x0000000008001040                _sbrk_r
 .text          0x0000000008001060      0x830 /home/david/toolchains/psas/x-tools/stm32f407/arm-psas-eabi/bin/../lib/gcc/arm-psas-eabi/4.7.2/../../../../arm-psas-eabi/lib/libc.a(lib_a-svfiprintf.o)
                0x0000000008001060                __ssprint_r
                0x000000000800115a                _svfiprintf_r
 .text          0x0000000008001890      0x514 /home/david/toolchains/psas/x-tools/stm32f407/arm-psas-eabi/bin/../lib/gcc/arm-psas-eabi/4.7.2/../../../../arm-psas-eabi/lib/libc.a(lib_a-syscalls.o)
                0x0000000008001914                initialise_monitor_handles
                0x0000000008001984                _swiread
                0x00000000080019a8                _read
                0x00000000080019f0                _swilseek
                0x0000000008001a70                _lseek
                0x0000000008001a84                _swiwrite
                0x0000000008001aa8                _write
                0x0000000008001af4                _swiopen
                0x0000000008001b78                _open
                0x0000000008001b92                _swiclose
                0x0000000008001bc0                _close
                0x0000000008001bd4                _kill
                0x0000000008001bf8                _exit
                0x0000000008001c00                _getpid
                0x0000000008001c04                _sbrk
                0x0000000008001c40                _fstat
                0x0000000008001c5e                _stat
                0x0000000008001c92                _link
                0x0000000008001c98                _unlink
                0x0000000008001cc4                _raise
                0x0000000008001cc6                _gettimeofday
                0x0000000008001cea                _times
                0x0000000008001d08                _isatty
                0x0000000008001d2c                _system
                0x0000000008001d68                _rename
 *fill*         0x0000000008001da4        0xc 00
 .text          0x0000000008001db0        0xc /home/david/toolchains/psas/x-tools/stm32f407/arm-psas-eabi/bin/../lib/gcc/arm-psas-eabi/4.7.2/../../../../arm-psas-eabi/lib/libc.a(lib_a-errno.o)
                0x0000000008001db0                __errno
 *fill*         0x0000000008001dbc        0x4 00
 .text          0x0000000008001dc0      0x18c /home/david/toolchains/psas/x-tools/stm32f407/arm-psas-eabi/bin/../lib/gcc/arm-psas-eabi/4.7.2/../../../../arm-psas-eabi/lib/libc.a(lib_a-findfp.o)
                0x0000000008001dc8                _cleanup_r
                0x0000000008001e1c                __sfmoreglue
                0x0000000008001e46                _cleanup
                0x0000000008001e54                __sinit
                0x0000000008001ea0                __sfp
                0x0000000008001f1c                __sfp_lock_acquire
                0x0000000008001f1e                __sfp_lock_release
                0x0000000008001f20                __sinit_lock_acquire
                0x0000000008001f22                __sinit_lock_release
                0x0000000008001f24                __fp_lock_all
                0x0000000008001f38                __fp_unlock_all
 *fill*         0x0000000008001f4c        0x4 00
 .text          0x0000000008001f50      0x204 /home/david/toolchains/psas/x-tools/stm32f407/arm-psas-eabi/bin/../lib/gcc/arm-psas-eabi/4.7.2/../../../../arm-psas-eabi/lib/libc.a(lib_a-freer.o)
                0x0000000008001f50                _malloc_trim_r
                0x0000000008001fec                _free_r
 *fill*         0x0000000008002154        0xc 00
 .text          0x0000000008002160       0x7c /home/david/toolchains/psas/x-tools/stm32f407/arm-psas-eabi/bin/../lib/gcc/arm-psas-eabi/4.7.2/../../../../arm-psas-eabi/lib/libc.a(lib_a-fwalk.o)
                0x0000000008002160                _fwalk
                0x000000000800219c                _fwalk_reent
 *fill*         0x00000000080021dc        0x4 00
 .text          0x00000000080021e0       0x32 /home/david/toolchains/psas/x-tools/stm32f407/arm-psas-eabi/bin/../lib/gcc/arm-psas-eabi/4.7.2/../../../../arm-psas-eabi/lib/libc.a(lib_a-memmove.o)
                0x00000000080021e0                memmove
 *fill*         0x0000000008002212        0xe 00
 .text          0x0000000008002220      0x2dc /home/david/toolchains/psas/x-tools/stm32f407/arm-psas-eabi/bin/../lib/gcc/arm-psas-eabi/4.7.2/../../../../arm-psas-eabi/lib/libc.a(lib_a-reallocr.o)
                0x0000000008002220                _realloc_r
 *fill*         0x00000000080024fc        0x4 00
 .text          0x0000000008002500       0x8e /home/david/toolchains/psas/x-tools/stm32f407/arm-psas-eabi/bin/../lib/gcc/arm-psas-eabi/4.7.2/../../../../arm-psas-eabi/lib/libc.a(lib_a-stdio.o)
                0x0000000008002500                __sread
                0x0000000008002522                __seofread
                0x0000000008002526                __swrite
                0x0000000008002562                __sseek
                0x0000000008002586                __sclose
 *fill*         0x000000000800258e        0x2 00
 .text          0x0000000008002590       0x24 /home/david/toolchains/psas/x-tools/stm32f407/arm-psas-eabi/bin/../lib/gcc/arm-psas-eabi/4.7.2/../../../../arm-psas-eabi/lib/libc.a(lib_a-writer.o)
                0x0000000008002590                _write_r
 *fill*         0x00000000080025b4        0xc 00
 .text          0x00000000080025c0       0x20 /home/david/toolchains/psas/x-tools/stm32f407/arm-psas-eabi/bin/../lib/gcc/arm-psas-eabi/4.7.2/../../../../arm-psas-eabi/lib/libc.a(lib_a-closer.o)
                0x00000000080025c0                _close_r
 .text          0x00000000080025e0       0x90 /home/david/toolchains/psas/x-tools/stm32f407/arm-psas-eabi/bin/../lib/gcc/arm-psas-eabi/4.7.2/../../../../arm-psas-eabi/lib/libc.a(lib_a-fclose.o)
                0x00000000080025e0                _fclose_r
                0x0000000008002662                fclose
 .text          0x0000000008002670      0x16c /home/david/toolchains/psas/x-tools/stm32f407/arm-psas-eabi/bin/../lib/gcc/arm-psas-eabi/4.7.2/../../../../arm-psas-eabi/lib/libc.a(lib_a-fflush.o)
                0x0000000008002670                __sflush_r
                0x0000000008002794                _fflush_r
                0x00000000080027b8                fflush
 *fill*         0x00000000080027dc        0x4 00
 .text          0x00000000080027e0       0x24 /home/david/toolchains/psas/x-tools/stm32f407/arm-psas-eabi/bin/../lib/gcc/arm-psas-eabi/4.7.2/../../../../arm-psas-eabi/lib/libc.a(lib_a-lseekr.o)
                0x00000000080027e0                _lseek_r
 *fill*         0x0000000008002804        0xc 00
 .text          0x0000000008002810       0x24 /home/david/toolchains/psas/x-tools/stm32f407/arm-psas-eabi/bin/../lib/gcc/arm-psas-eabi/4.7.2/../../../../arm-psas-eabi/lib/libc.a(lib_a-readr.o)
                0x0000000008002810                _read_r
 *(.text.*)
 *fill*         0x0000000008002834        0xc 00
 .text.__late_init
                0x0000000008002840       0x10 build/obj/crt0.o
                0x0000000008002840                __late_init
 .text._default_exit
                0x0000000008002850       0x10 build/obj/crt0.o
                0x0000000008002850                _default_exit
 .text.ResetHandler
                0x0000000008002860      0x120 build/obj/crt0.o
                0x0000000008002860                ResetHandler
 .text._unhandled_exception
                0x0000000008002980       0x10 build/obj/vectors.o
                0x0000000008002980                VectorAC
                0x0000000008002980                NMIVector
                0x0000000008002980                Vector11C
                0x0000000008002980                Vector8C
                0x0000000008002980                VectorDC
                0x0000000008002980                Vector168
                0x0000000008002980                Vector110
                0x0000000008002980                Vector94
                0x0000000008002980                VectorA8
                0x0000000008002980                VectorB4
                0x0000000008002980                Vector160
                0x0000000008002980                VectorEC
                0x0000000008002980                UsageFaultVector
                0x0000000008002980                DebugMonitorVector
                0x0000000008002980                Vector40
                0x0000000008002980                VectorF8
                0x0000000008002980                Vector108
                0x0000000008002980                VectorBC
                0x0000000008002980                Vector148
                0x0000000008002980                PendSVVector
                0x0000000008002980                Vector118
                0x0000000008002980                VectorCC
                0x0000000008002980                Vector54
                0x0000000008002980                Vector98
                0x0000000008002980                VectorD8
                0x0000000008002980                Vector24
                0x0000000008002980                Vector178
                0x0000000008002980                BusFaultVector
                0x0000000008002980                VectorD0
                0x0000000008002980                Vector140
                0x0000000008002980                VectorE4
                0x0000000008002980                VectorC0
                0x0000000008002980                HardFaultVector
                0x0000000008002980                VectorF0
                0x0000000008002980                Vector13C
                0x0000000008002980                Vector100
                0x0000000008002980                VectorF4
                0x0000000008002980                MemManageVector
                0x0000000008002980                VectorA0
                0x0000000008002980                Vector180
                0x0000000008002980                VectorB0
                0x0000000008002980                Vector90
                0x0000000008002980                Vector114
                0x0000000008002980                Vector164
                0x0000000008002980                Vector1C
                0x0000000008002980                Vector17C
                0x0000000008002980                Vector48
                0x0000000008002980                Vector16C
                0x0000000008002980                VectorD4
                0x0000000008002980                Vector144
                0x0000000008002980                _unhandled_exception
                0x0000000008002980                Vector88
                0x0000000008002980                Vector104
                0x0000000008002980                Vector184
                0x0000000008002980                Vector10C
                0x0000000008002980                Vector50
                0x0000000008002980                Vector28
                0x0000000008002980                VectorB8
                0x0000000008002980                Vector34
                0x0000000008002980                VectorA4
                0x0000000008002980                Vector20
                0x0000000008002980                Vector174
 .text.port_halt
                0x0000000008002990       0x10 build/obj/chcore.o
                0x0000000008002990                port_halt
 .text._port_switch_from_isr
                0x00000000080029a0       0x10 build/obj/chcore_v7m.o
                0x00000000080029a0                _port_switch_from_isr
 .text.SVCallVector
                0x00000000080029b0       0x20 build/obj/chcore_v7m.o
                0x00000000080029b0                SVCallVector
 .text._port_init
                0x00000000080029d0       0x40 build/obj/chcore_v7m.o
                0x00000000080029d0                _port_init
 .text._port_irq_epilogue
                0x0000000008002a10       0x80 build/obj/chcore_v7m.o
                0x0000000008002a10                _port_irq_epilogue
 .text.SysTickVector
                0x0000000008002a90       0x30 build/obj/chcore_v7m.o
                0x0000000008002a90                SysTickVector
 .text._port_switch
                0x0000000008002ac0       0x10 build/obj/chcore_v7m.o
                0x0000000008002ac0                _port_switch
 .text._port_thread_start
                0x0000000008002ad0       0x20 build/obj/chcore_v7m.o
                0x0000000008002ad0                _port_thread_start
 .text.nvicEnableVector
                0x0000000008002af0       0x50 build/obj/nvic.o
                0x0000000008002af0                nvicEnableVector
 .text.nvicSetSystemHandlerPriority
                0x0000000008002b40       0x30 build/obj/nvic.o
                0x0000000008002b40                nvicSetSystemHandlerPriority
 .text._idle_thread
                0x0000000008002b70       0x20 build/obj/chsys.o
                0x0000000008002b70                _idle_thread
 .text.chSysInit
                0x0000000008002b90       0x80 build/obj/chsys.o
                0x0000000008002b90                chSysInit
 .text.chSysTimerHandlerI
                0x0000000008002c10       0x70 build/obj/chsys.o
                0x0000000008002c10                chSysTimerHandlerI
 .text.dbg_check_enable
                0x0000000008002c80       0x30 build/obj/chdebug.o
                0x0000000008002c80                dbg_check_enable
 .text.dbg_check_lock
                0x0000000008002cb0       0x30 build/obj/chdebug.o
                0x0000000008002cb0                dbg_check_lock
 .text.dbg_check_unlock
                0x0000000008002ce0       0x40 build/obj/chdebug.o
                0x0000000008002ce0                dbg_check_unlock
 .text.dbg_check_lock_from_isr
                0x0000000008002d20       0x30 build/obj/chdebug.o
                0x0000000008002d20                dbg_check_lock_from_isr
 .text.dbg_check_unlock_from_isr
                0x0000000008002d50       0x40 build/obj/chdebug.o
                0x0000000008002d50                dbg_check_unlock_from_isr
 .text.dbg_check_enter_isr
                0x0000000008002d90       0x40 build/obj/chdebug.o
                0x0000000008002d90                dbg_check_enter_isr
 .text.dbg_check_leave_isr
                0x0000000008002dd0       0x40 build/obj/chdebug.o
                0x0000000008002dd0                dbg_check_leave_isr
 .text.chDbgCheckClassI
                0x0000000008002e10       0x30 build/obj/chdebug.o
                0x0000000008002e10                chDbgCheckClassI
 .text.chDbgCheckClassS
                0x0000000008002e40       0x30 build/obj/chdebug.o
                0x0000000008002e40                chDbgCheckClassS
 .text._trace_init
                0x0000000008002e70       0x20 build/obj/chdebug.o
                0x0000000008002e70                _trace_init
 .text.dbg_trace
                0x0000000008002e90       0x40 build/obj/chdebug.o
                0x0000000008002e90                dbg_trace
 .text.chDbgPanic
                0x0000000008002ed0       0x10 build/obj/chdebug.o
                0x0000000008002ed0                chDbgPanic
 .text._vt_init
                0x0000000008002ee0       0x20 build/obj/chvt.o
                0x0000000008002ee0                _vt_init
 .text.chVTSetI
                0x0000000008002f00       0x60 build/obj/chvt.o
                0x0000000008002f00                chVTSetI
 .text.chVTResetI
                0x0000000008002f60       0x50 build/obj/chvt.o
                0x0000000008002f60                chVTResetI
 .text._scheduler_init
                0x0000000008002fb0       0x20 build/obj/chschd.o
                0x0000000008002fb0                _scheduler_init
 .text.chSchReadyI
                0x0000000008002fd0       0x50 build/obj/chschd.o
                0x0000000008002fd0                chSchReadyI
 .text.wakeup   0x0000000008003020       0x60 build/obj/chschd.o
 .text.chSchGoSleepS
                0x0000000008003080       0x50 build/obj/chschd.o
                0x0000000008003080                chSchGoSleepS
 .text.chSchGoSleepTimeoutS
                0x00000000080030d0       0x50 build/obj/chschd.o
                0x00000000080030d0                chSchGoSleepTimeoutS
 .text.chSchWakeupS
                0x0000000008003120       0x60 build/obj/chschd.o
                0x0000000008003120                chSchWakeupS
 .text.chSchDoRescheduleBehind
                0x0000000008003180       0x50 build/obj/chschd.o
                0x0000000008003180                chSchDoRescheduleBehind
 .text.chSchDoRescheduleAhead
                0x00000000080031d0       0x60 build/obj/chschd.o
                0x00000000080031d0                chSchDoRescheduleAhead
 .text.chSchRescheduleS
                0x0000000008003230       0x30 build/obj/chschd.o
                0x0000000008003230                chSchRescheduleS
 .text.chSchDoReschedule
                0x0000000008003260       0x20 build/obj/chschd.o
                0x0000000008003260                chSchDoReschedule
 .text._thread_init
                0x0000000008003280       0x60 build/obj/chthreads.o
                0x0000000008003280                _thread_init
 .text._thread_memfill
                0x00000000080032e0       0x10 build/obj/chthreads.o
                0x00000000080032e0                _thread_memfill
 .text.chThdCreateI
                0x00000000080032f0       0xb0 build/obj/chthreads.o
                0x00000000080032f0                chThdCreateI
 .text.chThdCreateStatic
                0x00000000080033a0       0x70 build/obj/chthreads.o
                0x00000000080033a0                chThdCreateStatic
 .text.chThdSetPriority
                0x0000000008003410       0x50 build/obj/chthreads.o
                0x0000000008003410                chThdSetPriority
 .text.chThdSleep
                0x0000000008003460       0x30 build/obj/chthreads.o
                0x0000000008003460                chThdSleep
 .text.chThdExitS
                0x0000000008003490       0x50 build/obj/chthreads.o
                0x0000000008003490                chThdExitS
 .text.chThdExit
                0x00000000080034e0       0x20 build/obj/chthreads.o
                0x00000000080034e0                chThdExit
 .text.chThdRelease
                0x0000000008003500       0x80 build/obj/chdynamic.o
                0x0000000008003500                chThdRelease
 .text.chThdCreateFromHeap
                0x0000000008003580       0x70 build/obj/chdynamic.o
                0x0000000008003580                chThdCreateFromHeap
 .text.chRegFirstThread
                0x00000000080035f0       0x30 build/obj/chregistry.o
                0x00000000080035f0                chRegFirstThread
 .text.chRegNextThread
                0x0000000008003620       0x50 build/obj/chregistry.o
                0x0000000008003620                chRegNextThread
 .text.chSemInit
                0x0000000008003670       0x30 build/obj/chsem.o
                0x0000000008003670                chSemInit
 .text.chSemResetI
                0x00000000080036a0       0x70 build/obj/chsem.o
                0x00000000080036a0                chSemResetI
 .text.chSemWaitTimeoutS
                0x0000000008003710       0x80 build/obj/chsem.o
                0x0000000008003710                chSemWaitTimeoutS
 .text.chSemSignal
                0x0000000008003790       0x60 build/obj/chsem.o
                0x0000000008003790                chSemSignal
 .text.chSemSignalI
                0x00000000080037f0       0x60 build/obj/chsem.o
                0x00000000080037f0                chSemSignalI
 .text.chMtxInit
                0x0000000008003850       0x20 build/obj/chmtx.o
                0x0000000008003850                chMtxInit
 .text.chMtxLockS
                0x0000000008003870      0x100 build/obj/chmtx.o
                0x0000000008003870                chMtxLockS
 .text.chMtxLock
                0x0000000008003970       0x20 build/obj/chmtx.o
                0x0000000008003970                chMtxLock
 .text.chMtxUnlock
                0x0000000008003990       0x90 build/obj/chmtx.o
                0x0000000008003990                chMtxUnlock
 .text.chEvtRegisterMask
                0x0000000008003a20       0x50 build/obj/chevents.o
                0x0000000008003a20                chEvtRegisterMask
 .text.chEvtAddEvents
                0x0000000008003a70       0x30 build/obj/chevents.o
                0x0000000008003a70                chEvtAddEvents
 .text.chEvtSignalI
                0x0000000008003aa0       0x50 build/obj/chevents.o
                0x0000000008003aa0                chEvtSignalI
 .text.chEvtBroadcastFlagsI
                0x0000000008003af0       0x40 build/obj/chevents.o
                0x0000000008003af0                chEvtBroadcastFlagsI
 .text.chEvtDispatch
                0x0000000008003b30       0x50 build/obj/chevents.o
                0x0000000008003b30                chEvtDispatch
 .text.chEvtWaitAny
                0x0000000008003b80       0x40 build/obj/chevents.o
                0x0000000008003b80                chEvtWaitAny
 .text.chEvtWaitOneTimeout
                0x0000000008003bc0       0x60 build/obj/chevents.o
                0x0000000008003bc0                chEvtWaitOneTimeout
 .text.chMBInit
                0x0000000008003c20       0x50 build/obj/chmboxes.o
                0x0000000008003c20                chMBInit
 .text.chMBReset
                0x0000000008003c70       0x50 build/obj/chmboxes.o
                0x0000000008003c70                chMBReset
 .text.chMBPostS
                0x0000000008003cc0       0x50 build/obj/chmboxes.o
                0x0000000008003cc0                chMBPostS
 .text.chMBPost
                0x0000000008003d10       0x30 build/obj/chmboxes.o
                0x0000000008003d10                chMBPost
 .text.chMBFetchS
                0x0000000008003d40       0x60 build/obj/chmboxes.o
                0x0000000008003d40                chMBFetchS
 .text.qwait    0x0000000008003da0       0x30 build/obj/chqueues.o
 .text.chIQInit
                0x0000000008003dd0       0x20 build/obj/chqueues.o
                0x0000000008003dd0                chIQInit
 .text.chIQResetI
                0x0000000008003df0       0x30 build/obj/chqueues.o
                0x0000000008003df0                chIQResetI
 .text.chIQPutI
                0x0000000008003e20       0x50 build/obj/chqueues.o
                0x0000000008003e20                chIQPutI
 .text.chIQGetTimeout
                0x0000000008003e70       0x60 build/obj/chqueues.o
                0x0000000008003e70                chIQGetTimeout
 .text.chIQReadTimeout
                0x0000000008003ed0       0xa0 build/obj/chqueues.o
                0x0000000008003ed0                chIQReadTimeout
 .text.chOQInit
                0x0000000008003f70       0x20 build/obj/chqueues.o
                0x0000000008003f70                chOQInit
 .text.chOQResetI
                0x0000000008003f90       0x40 build/obj/chqueues.o
                0x0000000008003f90                chOQResetI
 .text.chOQPutTimeout
                0x0000000008003fd0       0x70 build/obj/chqueues.o
                0x0000000008003fd0                chOQPutTimeout
 .text.chOQGetI
                0x0000000008004040       0x50 build/obj/chqueues.o
                0x0000000008004040                chOQGetI
 .text.chOQWriteTimeout
                0x0000000008004090       0xa0 build/obj/chqueues.o
                0x0000000008004090                chOQWriteTimeout
 .text._core_init
                0x0000000008004130       0x30 build/obj/chmemcore.o
                0x0000000008004130                _core_init
 .text.chCoreAllocI
                0x0000000008004160       0x30 build/obj/chmemcore.o
                0x0000000008004160                chCoreAllocI
 .text.chCoreAlloc
                0x0000000008004190       0x30 build/obj/chmemcore.o
                0x0000000008004190                chCoreAlloc
 .text.chCoreStatus
                0x00000000080041c0       0x20 build/obj/chmemcore.o
                0x00000000080041c0                chCoreStatus
 .text._heap_init
                0x00000000080041e0       0x20 build/obj/chheap.o
                0x00000000080041e0                _heap_init
 .text.chHeapAlloc
                0x0000000008004200       0x90 build/obj/chheap.o
                0x0000000008004200                chHeapAlloc
 .text.chHeapFree
                0x0000000008004290       0xb0 build/obj/chheap.o
                0x0000000008004290                chHeapFree
 .text.chHeapStatus
                0x0000000008004340       0x40 build/obj/chheap.o
                0x0000000008004340                chHeapStatus
 .text.chPoolFreeI
                0x0000000008004380       0x30 build/obj/chmempools.o
                0x0000000008004380                chPoolFreeI
 .text.chPoolFree
                0x00000000080043b0       0x30 build/obj/chmempools.o
                0x00000000080043b0                chPoolFree
 .text.halInit  0x00000000080043e0       0x40 build/obj/hal.o
                0x00000000080043e0                halInit
 .text.halIsCounterWithin
                0x0000000008004420       0x40 build/obj/hal.o
                0x0000000008004420                halIsCounterWithin
 .text.halPolledDelay
                0x0000000008004460       0x50 build/obj/hal.o
                0x0000000008004460                halPolledDelay
 .text.extInit  0x00000000080044b0       0x10 build/obj/ext.o
                0x00000000080044b0                extInit
 .text.extObjectInit
                0x00000000080044c0       0x10 build/obj/ext.o
                0x00000000080044c0                extObjectInit
 .text.i2cInit  0x00000000080044d0       0x10 build/obj/i2c.o
                0x00000000080044d0                i2cInit
 .text.i2cObjectInit
                0x00000000080044e0       0x10 build/obj/i2c.o
                0x00000000080044e0                i2cObjectInit
 .text.i2cStart
                0x00000000080044f0       0x60 build/obj/i2c.o
                0x00000000080044f0                i2cStart
 .text.i2cGetErrors
                0x0000000008004550       0x20 build/obj/i2c.o
                0x0000000008004550                i2cGetErrors
 .text.i2cMasterTransmitTimeout
                0x0000000008004570       0x90 build/obj/i2c.o
                0x0000000008004570                i2cMasterTransmitTimeout
 .text.i2cAcquireBus
                0x0000000008004600       0x20 build/obj/i2c.o
                0x0000000008004600                i2cAcquireBus
 .text.i2cReleaseBus
                0x0000000008004620       0x20 build/obj/i2c.o
                0x0000000008004620                i2cReleaseBus
 .text.macInit  0x0000000008004640       0x10 build/obj/mac.o
                0x0000000008004640                macInit
 .text.macObjectInit
                0x0000000008004650       0x30 build/obj/mac.o
                0x0000000008004650                macObjectInit
 .text.macStart
                0x0000000008004680       0x50 build/obj/mac.o
                0x0000000008004680                macStart
 .text.macWaitTransmitDescriptor
                0x00000000080046d0       0x90 build/obj/mac.o
                0x00000000080046d0                macWaitTransmitDescriptor
 .text.macReleaseTransmitDescriptor
                0x0000000008004760       0x20 build/obj/mac.o
                0x0000000008004760                macReleaseTransmitDescriptor
 .text.macWaitReceiveDescriptor
                0x0000000008004780       0x90 build/obj/mac.o
                0x0000000008004780                macWaitReceiveDescriptor
 .text.macReleaseReceiveDescriptor
                0x0000000008004810       0x20 build/obj/mac.o
                0x0000000008004810                macReleaseReceiveDescriptor
 .text.macPollLinkStatus
                0x0000000008004830       0x30 build/obj/mac.o
                0x0000000008004830                macPollLinkStatus
 .text.readt    0x0000000008004860       0x10 build/obj/serial.o
 .text.read     0x0000000008004870       0x10 build/obj/serial.o
 .text.writet   0x0000000008004880       0x10 build/obj/serial.o
 .text.write    0x0000000008004890       0x10 build/obj/serial.o
 .text.gett     0x00000000080048a0       0x10 build/obj/serial.o
 .text.get      0x00000000080048b0       0x10 build/obj/serial.o
 .text.putt     0x00000000080048c0       0x10 build/obj/serial.o
 .text.put      0x00000000080048d0       0x10 build/obj/serial.o
 .text.sdInit   0x00000000080048e0       0x10 build/obj/serial.o
                0x00000000080048e0                sdInit
 .text.sdObjectInit
                0x00000000080048f0       0x50 build/obj/serial.o
                0x00000000080048f0                sdObjectInit
 .text.sdIncomingDataI
                0x0000000008004940       0x50 build/obj/serial.o
                0x0000000008004940                sdIncomingDataI
 .text.onotify  0x0000000008004990       0x60 build/obj/serial_usb.o
 .text.inotify  0x00000000080049f0       0x70 build/obj/serial_usb.o
 .text.readt    0x0000000008004a60       0x10 build/obj/serial_usb.o
 .text.read     0x0000000008004a70       0x10 build/obj/serial_usb.o
 .text.writet   0x0000000008004a80       0x10 build/obj/serial_usb.o
 .text.write    0x0000000008004a90       0x10 build/obj/serial_usb.o
 .text.gett     0x0000000008004aa0       0x10 build/obj/serial_usb.o
 .text.get      0x0000000008004ab0       0x10 build/obj/serial_usb.o
 .text.putt     0x0000000008004ac0       0x10 build/obj/serial_usb.o
 .text.put      0x0000000008004ad0       0x10 build/obj/serial_usb.o
 .text.sduInit  0x0000000008004ae0       0x10 build/obj/serial_usb.o
                0x0000000008004ae0                sduInit
 .text.sduObjectInit
                0x0000000008004af0       0x60 build/obj/serial_usb.o
                0x0000000008004af0                sduObjectInit
 .text.sduStart
                0x0000000008004b50       0x50 build/obj/serial_usb.o
                0x0000000008004b50                sduStart
 .text.sduConfigureHookI
                0x0000000008004ba0       0x40 build/obj/serial_usb.o
                0x0000000008004ba0                sduConfigureHookI
 .text.sduRequestsHook
                0x0000000008004be0       0x40 build/obj/serial_usb.o
                0x0000000008004be0                sduRequestsHook
 .text.sduDataTransmitted
                0x0000000008004c20       0x80 build/obj/serial_usb.o
                0x0000000008004c20                sduDataTransmitted
 .text.sduDataReceived
                0x0000000008004ca0       0x70 build/obj/serial_usb.o
                0x0000000008004ca0                sduDataReceived
 .text.sduInterruptTransmitted
                0x0000000008004d10       0x10 build/obj/serial_usb.o
                0x0000000008004d10                sduInterruptTransmitted
 .text.spiInit  0x0000000008004d20       0x10 build/obj/spi.o
                0x0000000008004d20                spiInit
 .text.spiObjectInit
                0x0000000008004d30       0x10 build/obj/spi.o
                0x0000000008004d30                spiObjectInit
 .text.tm_start
                0x0000000008004d40       0x10 build/obj/tm.o
 .text.tm_stop  0x0000000008004d50       0x40 build/obj/tm.o
 .text.tmInit   0x0000000008004d90       0x50 build/obj/tm.o
                0x0000000008004d90                tmInit
 .text.usbInit  0x0000000008004de0       0x10 build/obj/usb.o
                0x0000000008004de0                usbInit
 .text.usbObjectInit
                0x0000000008004df0       0x10 build/obj/usb.o
                0x0000000008004df0                usbObjectInit
 .text.usbStart
                0x0000000008004e00       0x60 build/obj/usb.o
                0x0000000008004e00                usbStart
 .text.usbInitEndpointI
                0x0000000008004e60       0x70 build/obj/usb.o
                0x0000000008004e60                usbInitEndpointI
 .text.usbPrepareReceive
                0x0000000008004ed0       0x20 build/obj/usb.o
                0x0000000008004ed0                usbPrepareReceive
 .text.usbPrepareTransmit
                0x0000000008004ef0       0x20 build/obj/usb.o
                0x0000000008004ef0                usbPrepareTransmit
 .text.usbPrepareQueuedReceive
                0x0000000008004f10       0x20 build/obj/usb.o
                0x0000000008004f10                usbPrepareQueuedReceive
 .text.usbPrepareQueuedTransmit
                0x0000000008004f30       0x20 build/obj/usb.o
                0x0000000008004f30                usbPrepareQueuedTransmit
 .text.usbStartReceiveI
                0x0000000008004f50       0x40 build/obj/usb.o
                0x0000000008004f50                usbStartReceiveI
 .text.usbStartTransmitI
                0x0000000008004f90       0x40 build/obj/usb.o
                0x0000000008004f90                usbStartTransmitI
 .text._usb_reset
                0x0000000008004fd0       0x30 build/obj/usb.o
                0x0000000008004fd0                _usb_reset
 .text._usb_ep0setup
                0x0000000008005000      0x340 build/obj/usb.o
                0x0000000008005000                _usb_ep0setup
 .text._usb_ep0in
                0x0000000008005340       0xc0 build/obj/usb.o
                0x0000000008005340                _usb_ep0in
 .text._usb_ep0out
                0x0000000008005400       0x80 build/obj/usb.o
                0x0000000008005400                _usb_ep0out
 .text.Vector6C
                0x0000000008005480       0x40 build/obj/stm32_dma.o
                0x0000000008005480                Vector6C
 .text.Vector70
                0x00000000080054c0       0x40 build/obj/stm32_dma.o
                0x00000000080054c0                Vector70
 .text.Vector74
                0x0000000008005500       0x40 build/obj/stm32_dma.o
                0x0000000008005500                Vector74
 .text.Vector78
                0x0000000008005540       0x40 build/obj/stm32_dma.o
                0x0000000008005540                Vector78
 .text.Vector7C
                0x0000000008005580       0x40 build/obj/stm32_dma.o
                0x0000000008005580                Vector7C
 .text.Vector80
                0x00000000080055c0       0x40 build/obj/stm32_dma.o
                0x00000000080055c0                Vector80
 .text.Vector84
                0x0000000008005600       0x40 build/obj/stm32_dma.o
                0x0000000008005600                Vector84
 .text.VectorFC
                0x0000000008005640       0x40 build/obj/stm32_dma.o
                0x0000000008005640                VectorFC
 .text.Vector120
                0x0000000008005680       0x40 build/obj/stm32_dma.o
                0x0000000008005680                Vector120
 .text.Vector124
                0x00000000080056c0       0x40 build/obj/stm32_dma.o
                0x00000000080056c0                Vector124
 .text.Vector128
                0x0000000008005700       0x40 build/obj/stm32_dma.o
                0x0000000008005700                Vector128
 .text.Vector12C
                0x0000000008005740       0x40 build/obj/stm32_dma.o
                0x0000000008005740                Vector12C
 .text.Vector130
                0x0000000008005780       0x40 build/obj/stm32_dma.o
                0x0000000008005780                Vector130
 .text.Vector150
                0x00000000080057c0       0x40 build/obj/stm32_dma.o
                0x00000000080057c0                Vector150
 .text.Vector154
                0x0000000008005800       0x40 build/obj/stm32_dma.o
                0x0000000008005800                Vector154
 .text.Vector158
                0x0000000008005840       0x40 build/obj/stm32_dma.o
                0x0000000008005840                Vector158
 .text.dmaInit  0x0000000008005880       0x50 build/obj/stm32_dma.o
                0x0000000008005880                dmaInit
 .text.dmaStreamAllocate
                0x00000000080058d0       0xc0 build/obj/stm32_dma.o
                0x00000000080058d0                dmaStreamAllocate
 .text.hal_lld_init
                0x0000000008005990       0xd0 build/obj/hal_lld.o
                0x0000000008005990                hal_lld_init
 .text.stm32_clock_init
                0x0000000008005a60       0xe0 build/obj/hal_lld.o
                0x0000000008005a60                stm32_clock_init
 .text.Vector58
                0x0000000008005b40       0x30 build/obj/ext_lld_isr.o
                0x0000000008005b40                Vector58
 .text.Vector5C
                0x0000000008005b70       0x30 build/obj/ext_lld_isr.o
                0x0000000008005b70                Vector5C
 .text.Vector60
                0x0000000008005ba0       0x30 build/obj/ext_lld_isr.o
                0x0000000008005ba0                Vector60
 .text.Vector64
                0x0000000008005bd0       0x30 build/obj/ext_lld_isr.o
                0x0000000008005bd0                Vector64
 .text.Vector68
                0x0000000008005c00       0x30 build/obj/ext_lld_isr.o
                0x0000000008005c00                Vector68
 .text.Vector9C
                0x0000000008005c30       0x80 build/obj/ext_lld_isr.o
                0x0000000008005c30                Vector9C
 .text.VectorE0
                0x0000000008005cb0       0x90 build/obj/ext_lld_isr.o
                0x0000000008005cb0                VectorE0
 .text.Vector44
                0x0000000008005d40       0x40 build/obj/ext_lld_isr.o
                0x0000000008005d40                Vector44
 .text.VectorE8
                0x0000000008005d80       0x40 build/obj/ext_lld_isr.o
                0x0000000008005d80                VectorE8
 .text.Vector138
                0x0000000008005dc0       0x40 build/obj/ext_lld_isr.o
                0x0000000008005dc0                Vector138
 .text.Vector170
                0x0000000008005e00       0x40 build/obj/ext_lld_isr.o
                0x0000000008005e00                Vector170
 .text.Vector4C
                0x0000000008005e40       0x40 build/obj/ext_lld_isr.o
                0x0000000008005e40                Vector4C
 .text.ext_lld_init
                0x0000000008005e80       0x10 build/obj/ext_lld.o
                0x0000000008005e80                ext_lld_init
 .text.mac_lld_set_address
                0x0000000008005e90       0x50 build/obj/mac_lld.o
 .text.Vector134
                0x0000000008005ee0       0x80 build/obj/mac_lld.o
                0x0000000008005ee0                Vector134
 .text.mac_lld_init
                0x0000000008005f60      0x1a0 build/obj/mac_lld.o
                0x0000000008005f60                mac_lld_init
 .text.mac_lld_start
                0x0000000008006100      0x110 build/obj/mac_lld.o
                0x0000000008006100                mac_lld_start
 .text.mac_lld_get_transmit_descriptor
                0x0000000008006210       0x60 build/obj/mac_lld.o
                0x0000000008006210                mac_lld_get_transmit_descriptor
 .text.mac_lld_release_transmit_descriptor
                0x0000000008006270       0x60 build/obj/mac_lld.o
                0x0000000008006270                mac_lld_release_transmit_descriptor
 .text.mac_lld_get_receive_descriptor
                0x00000000080062d0       0x80 build/obj/mac_lld.o
                0x00000000080062d0                mac_lld_get_receive_descriptor
 .text.mac_lld_release_receive_descriptor
                0x0000000008006350       0x50 build/obj/mac_lld.o
                0x0000000008006350                mac_lld_release_receive_descriptor
 .text.mac_lld_poll_link_status
                0x00000000080063a0       0xd0 build/obj/mac_lld.o
                0x00000000080063a0                mac_lld_poll_link_status
 .text.mac_lld_write_transmit_descriptor
                0x0000000008006470       0x50 build/obj/mac_lld.o
                0x0000000008006470                mac_lld_write_transmit_descriptor
 .text.mac_lld_read_receive_descriptor
                0x00000000080064c0       0x50 build/obj/mac_lld.o
                0x00000000080064c0                mac_lld_read_receive_descriptor
 .text._pal_lld_init
                0x0000000008006510      0x1b0 build/obj/pal_lld.o
                0x0000000008006510                _pal_lld_init
 .text._pal_lld_setgroupmode
                0x00000000080066c0       0xd0 build/obj/pal_lld.o
                0x00000000080066c0                _pal_lld_setgroupmode
 .text.i2c_lld_abort_operation
                0x0000000008006790       0x60 build/obj/i2c_lld.o
 .text.i2c_lld_safety_timeout
                0x00000000080067f0       0x40 build/obj/i2c_lld.o
 .text.i2c_lld_serve_tx_end_irq
                0x0000000008006830       0x40 build/obj/i2c_lld.o
 .text.i2c_lld_serve_rx_end_irq
                0x0000000008006870       0x80 build/obj/i2c_lld.o
 .text.VectorC4
                0x00000000080068f0      0x110 build/obj/i2c_lld.o
                0x00000000080068f0                VectorC4
 .text.VectorC8
                0x0000000008006a00      0x170 build/obj/i2c_lld.o
                0x0000000008006a00                VectorC8
 .text.i2c_lld_init
                0x0000000008006b70       0x30 build/obj/i2c_lld.o
                0x0000000008006b70                i2c_lld_init
 .text.i2c_lld_start
                0x0000000008006ba0      0x2b0 build/obj/i2c_lld.o
                0x0000000008006ba0                i2c_lld_start
 .text.i2c_lld_master_transmit_timeout
                0x0000000008006e50      0x100 build/obj/i2c_lld.o
                0x0000000008006e50                i2c_lld_master_transmit_timeout
 .text.otg_disable_ep
                0x0000000008006f50       0x90 build/obj/usb_lld.o
 .text.otg_epout_handler
                0x0000000008006fe0       0x60 build/obj/usb_lld.o
 .text.otg_txfifo_flush
                0x0000000008007040       0x20 build/obj/usb_lld.o
 .text.usb_lld_pump
                0x0000000008007060      0x3c0 build/obj/usb_lld.o
 .text.otg_epin_handler
                0x0000000008007420       0x90 build/obj/usb_lld.o
 .text.Vector14C
                0x00000000080074b0      0x110 build/obj/usb_lld.o
                0x00000000080074b0                Vector14C
 .text.usb_lld_init
                0x00000000080075c0       0x50 build/obj/usb_lld.o
                0x00000000080075c0                usb_lld_init
 .text.usb_lld_start
                0x0000000008007610       0xe0 build/obj/usb_lld.o
                0x0000000008007610                usb_lld_start
 .text.usb_lld_reset
                0x00000000080076f0       0xe0 build/obj/usb_lld.o
                0x00000000080076f0                usb_lld_reset
 .text.usb_lld_set_address
                0x00000000080077d0       0x20 build/obj/usb_lld.o
                0x00000000080077d0                usb_lld_set_address
 .text.usb_lld_init_endpoint
                0x00000000080077f0      0x160 build/obj/usb_lld.o
                0x00000000080077f0                usb_lld_init_endpoint
 .text.usb_lld_get_status_out
                0x0000000008007950       0x20 build/obj/usb_lld.o
                0x0000000008007950                usb_lld_get_status_out
 .text.usb_lld_get_status_in
                0x0000000008007970       0x20 build/obj/usb_lld.o
                0x0000000008007970                usb_lld_get_status_in
 .text.usb_lld_read_setup
                0x0000000008007990       0x20 build/obj/usb_lld.o
                0x0000000008007990                usb_lld_read_setup
 .text.usb_lld_prepare_receive
                0x00000000080079b0       0x30 build/obj/usb_lld.o
                0x00000000080079b0                usb_lld_prepare_receive
 .text.usb_lld_prepare_transmit
                0x00000000080079e0       0x40 build/obj/usb_lld.o
                0x00000000080079e0                usb_lld_prepare_transmit
 .text.usb_lld_start_out
                0x0000000008007a20       0x10 build/obj/usb_lld.o
                0x0000000008007a20                usb_lld_start_out
 .text.usb_lld_start_in
                0x0000000008007a30       0x30 build/obj/usb_lld.o
                0x0000000008007a30                usb_lld_start_in
 .text.usb_lld_stall_out
                0x0000000008007a60       0x10 build/obj/usb_lld.o
                0x0000000008007a60                usb_lld_stall_out
 .text.usb_lld_stall_in
                0x0000000008007a70       0x10 build/obj/usb_lld.o
                0x0000000008007a70                usb_lld_stall_in
 .text.usb_lld_clear_out
                0x0000000008007a80       0x10 build/obj/usb_lld.o
                0x0000000008007a80                usb_lld_clear_out
 .text.usb_lld_clear_in
                0x0000000008007a90       0x10 build/obj/usb_lld.o
                0x0000000008007a90                usb_lld_clear_in
 .text.spi_lld_init
                0x0000000008007aa0       0x50 build/obj/spi_lld.o
                0x0000000008007aa0                spi_lld_init
 .text.notify6  0x0000000008007af0       0x20 build/obj/serial_lld.o
 .text.Vector15C
                0x0000000008007b10      0x170 build/obj/serial_lld.o
                0x0000000008007b10                Vector15C
 .text.sd_lld_init
                0x0000000008007c80       0x30 build/obj/serial_lld.o
                0x0000000008007c80                sd_lld_init
 .text.__early_init
                0x0000000008007cb0       0x10 build/obj/board.o
                0x0000000008007cb0                __early_init
 .text.boardInit
                0x0000000008007cc0       0x10 build/obj/board.o
                0x0000000008007cc0                boardInit
 .text.ethernetif_init
                0x0000000008007cd0       0x40 build/obj/lwipthread.o
 .text.low_level_output
                0x0000000008007d10       0x50 build/obj/lwipthread.o
 .text.lwip_thread
                0x0000000008007d60      0x1e0 build/obj/lwipthread.o
                0x0000000008007d60                lwip_thread
 .text.sys_init
                0x0000000008007f40       0x10 build/obj/sys_arch.o
                0x0000000008007f40                sys_init
 .text.sys_sem_new
                0x0000000008007f50       0x50 build/obj/sys_arch.o
                0x0000000008007f50                sys_sem_new
 .text.sys_sem_free
                0x0000000008007fa0       0x30 build/obj/sys_arch.o
                0x0000000008007fa0                sys_sem_free
 .text.sys_sem_signal
                0x0000000008007fd0       0x10 build/obj/sys_arch.o
                0x0000000008007fd0                sys_sem_signal
 .text.sys_arch_sem_wait
                0x0000000008007fe0       0x50 build/obj/sys_arch.o
                0x0000000008007fe0                sys_arch_sem_wait
 .text.sys_sem_valid
                0x0000000008008030       0x10 build/obj/sys_arch.o
                0x0000000008008030                sys_sem_valid
 .text.sys_mbox_new
                0x0000000008008040       0x50 build/obj/sys_arch.o
                0x0000000008008040                sys_mbox_new
 .text.sys_mbox_free
                0x0000000008008090       0x40 build/obj/sys_arch.o
                0x0000000008008090                sys_mbox_free
 .text.sys_mbox_post
                0x00000000080080d0       0x10 build/obj/sys_arch.o
                0x00000000080080d0                sys_mbox_post
 .text.sys_mbox_trypost
                0x00000000080080e0       0x30 build/obj/sys_arch.o
                0x00000000080080e0                sys_mbox_trypost
 .text.sys_arch_mbox_fetch
                0x0000000008008110       0x50 build/obj/sys_arch.o
                0x0000000008008110                sys_arch_mbox_fetch
 .text.sys_mbox_valid
                0x0000000008008160       0x10 build/obj/sys_arch.o
                0x0000000008008160                sys_mbox_valid
 .text.sys_mbox_set_invalid
                0x0000000008008170       0x10 build/obj/sys_arch.o
                0x0000000008008170                sys_mbox_set_invalid
 .text.sys_thread_new
                0x0000000008008180       0x30 build/obj/sys_arch.o
                0x0000000008008180                sys_thread_new
 .text.etharp_free_entry
                0x00000000080081b0       0x30 build/obj/etharp.o
 .text.etharp_find_entry
                0x00000000080081e0      0x140 build/obj/etharp.o
 .text.etharp_send_ip
                0x0000000008008320       0x50 build/obj/etharp.o
 .text.etharp_tmr
                0x0000000008008370       0x50 build/obj/etharp.o
                0x0000000008008370                etharp_tmr
 .text.etharp_request
                0x00000000080083c0       0xe0 build/obj/etharp.o
                0x00000000080083c0                etharp_request
 .text.etharp_query
                0x00000000080084a0      0x140 build/obj/etharp.o
                0x00000000080084a0                etharp_query
 .text.etharp_output_to_arp_index
                0x00000000080085e0       0x70 build/obj/etharp.o
 .text.etharp_output
                0x0000000008008650      0x140 build/obj/etharp.o
                0x0000000008008650                etharp_output
 .text.ethernet_input
                0x0000000008008790      0x240 build/obj/etharp.o
                0x0000000008008790                ethernet_input
 .text.lwip_init
                0x00000000080089d0       0x30 build/obj/init.o
                0x00000000080089d0                lwip_init
 .text.mem_init
                0x0000000008008a00       0x70 build/obj/mem.o
                0x0000000008008a00                mem_init
 .text.mem_free
                0x0000000008008a70      0x140 build/obj/mem.o
                0x0000000008008a70                mem_free
 .text.mem_trim
                0x0000000008008bb0      0x140 build/obj/mem.o
                0x0000000008008bb0                mem_trim
 .text.mem_malloc
                0x0000000008008cf0      0x180 build/obj/mem.o
                0x0000000008008cf0                mem_malloc
 .text.memp_init
                0x0000000008008e70       0xa0 build/obj/memp.o
                0x0000000008008e70                memp_init
 .text.memp_malloc
                0x0000000008008f10       0x70 build/obj/memp.o
                0x0000000008008f10                memp_malloc
 .text.memp_free
                0x0000000008008f80       0x40 build/obj/memp.o
                0x0000000008008f80                memp_free
 .text.netif_init
                0x0000000008008fc0       0x10 build/obj/netif.o
                0x0000000008008fc0                netif_init
 .text.netif_set_ipaddr
                0x0000000008008fd0       0x70 build/obj/netif.o
                0x0000000008008fd0                netif_set_ipaddr
 .text.netif_set_addr
                0x0000000008009040       0x20 build/obj/netif.o
                0x0000000008009040                netif_set_addr
 .text.netif_add
                0x0000000008009060       0x70 build/obj/netif.o
                0x0000000008009060                netif_add
 .text.netif_set_default
                0x00000000080090d0       0x10 build/obj/netif.o
                0x00000000080090d0                netif_set_default
 .text.netif_set_up
                0x00000000080090e0       0x20 build/obj/netif.o
                0x00000000080090e0                netif_set_up
 .text.netif_set_link_up
                0x0000000008009100       0x30 build/obj/netif.o
                0x0000000008009100                netif_set_link_up
 .text.netif_set_link_down
                0x0000000008009130       0x20 build/obj/netif.o
                0x0000000008009130                netif_set_link_down
 .text.pbuf_free_ooseq_callback
                0x0000000008009150       0x30 build/obj/pbuf.o
 .text.pbuf_pool_is_empty
                0x0000000008009180       0x30 build/obj/pbuf.o
 .text.pbuf_alloced_custom
                0x00000000080091b0       0x60 build/obj/pbuf.o
                0x00000000080091b0                pbuf_alloced_custom
 .text.pbuf_header
                0x0000000008009210       0x80 build/obj/pbuf.o
                0x0000000008009210                pbuf_header
 .text.pbuf_free
                0x0000000008009290       0x90 build/obj/pbuf.o
                0x0000000008009290                pbuf_free
 .text.pbuf_realloc
                0x0000000008009320       0xb0 build/obj/pbuf.o
                0x0000000008009320                pbuf_realloc
 .text.pbuf_alloc
                0x00000000080093d0      0x190 build/obj/pbuf.o
                0x00000000080093d0                pbuf_alloc
 .text.pbuf_clen
                0x0000000008009560       0x20 build/obj/pbuf.o
                0x0000000008009560                pbuf_clen
 .text.pbuf_ref
                0x0000000008009580       0x10 build/obj/pbuf.o
                0x0000000008009580                pbuf_ref
 .text.pbuf_cat
                0x0000000008009590       0x50 build/obj/pbuf.o
                0x0000000008009590                pbuf_cat
 .text.pbuf_chain
                0x00000000080095e0       0x20 build/obj/pbuf.o
                0x00000000080095e0                pbuf_chain
 .text.pbuf_copy
                0x0000000008009600       0xd0 build/obj/pbuf.o
                0x0000000008009600                pbuf_copy
 .text.pbuf_copy_partial
                0x00000000080096d0       0x80 build/obj/pbuf.o
                0x00000000080096d0                pbuf_copy_partial
 .text.raw_input
                0x0000000008009750       0x80 build/obj/raw.o
                0x0000000008009750                raw_input
 .text.raw_bind
                0x00000000080097d0       0x10 build/obj/raw.o
                0x00000000080097d0                raw_bind
 .text.raw_connect
                0x00000000080097e0       0x10 build/obj/raw.o
                0x00000000080097e0                raw_connect
 .text.raw_recv
                0x00000000080097f0       0x10 build/obj/raw.o
                0x00000000080097f0                raw_recv
 .text.raw_sendto
                0x0000000008009800       0xb0 build/obj/raw.o
                0x0000000008009800                raw_sendto
 .text.raw_send
                0x00000000080098b0       0x10 build/obj/raw.o
                0x00000000080098b0                raw_send
 .text.raw_new  0x00000000080098c0       0x30 build/obj/raw.o
                0x00000000080098c0                raw_new
 .text.stats_init
                0x00000000080098f0       0x10 build/obj/stats.o
                0x00000000080098f0                stats_init
 .text.tcp_new_port
                0x0000000008009900       0x60 build/obj/tcp.o
 .text.tcp_init
                0x0000000008009960       0x10 build/obj/tcp.o
                0x0000000008009960                tcp_init
 .text.tcp_bind
                0x0000000008009970       0x80 build/obj/tcp.o
                0x0000000008009970                tcp_bind
 .text.tcp_update_rcv_ann_wnd
                0x00000000080099f0       0x50 build/obj/tcp.o
                0x00000000080099f0                tcp_update_rcv_ann_wnd
 .text.tcp_recved
                0x0000000008009a40       0x60 build/obj/tcp.o
                0x0000000008009a40                tcp_recved
 .text.tcp_seg_free
                0x0000000008009aa0       0x20 build/obj/tcp.o
                0x0000000008009aa0                tcp_seg_free
 .text.tcp_segs_free
                0x0000000008009ac0       0x20 build/obj/tcp.o
                0x0000000008009ac0                tcp_segs_free
 .text.tcp_seg_copy
                0x0000000008009ae0       0x30 build/obj/tcp.o
                0x0000000008009ae0                tcp_seg_copy
 .text.tcp_arg  0x0000000008009b10       0x10 build/obj/tcp.o
                0x0000000008009b10                tcp_arg
 .text.tcp_recv
                0x0000000008009b20       0x20 build/obj/tcp.o
                0x0000000008009b20                tcp_recv
 .text.tcp_sent
                0x0000000008009b40       0x20 build/obj/tcp.o
                0x0000000008009b40                tcp_sent
 .text.tcp_err  0x0000000008009b60       0x20 build/obj/tcp.o
                0x0000000008009b60                tcp_err
 .text.tcp_accept
                0x0000000008009b80       0x10 build/obj/tcp.o
                0x0000000008009b80                tcp_accept
 .text.tcp_poll
                0x0000000008009b90       0x30 build/obj/tcp.o
                0x0000000008009b90                tcp_poll
 .text.tcp_pcb_purge
                0x0000000008009bc0       0x50 build/obj/tcp.o
                0x0000000008009bc0                tcp_pcb_purge
 .text.tcp_slowtmr
                0x0000000008009c10      0x430 build/obj/tcp.o
                0x0000000008009c10                tcp_slowtmr
 .text.tcp_pcb_remove
                0x000000000800a040       0x90 build/obj/tcp.o
                0x000000000800a040                tcp_pcb_remove
 .text.tcp_abandon
                0x000000000800a0d0       0xb0 build/obj/tcp.o
                0x000000000800a0d0                tcp_abandon
 .text.tcp_abort
                0x000000000800a180       0x10 build/obj/tcp.o
                0x000000000800a180                tcp_abort
 .text.tcp_alloc
                0x000000000800a190      0x150 build/obj/tcp.o
                0x000000000800a190                tcp_alloc
 .text.tcp_new  0x000000000800a2e0       0x10 build/obj/tcp.o
                0x000000000800a2e0                tcp_new
 .text.tcp_close_shutdown
                0x000000000800a2f0      0x180 build/obj/tcp.o
 .text.tcp_shutdown
                0x000000000800a470       0x60 build/obj/tcp.o
                0x000000000800a470                tcp_shutdown
 .text.tcp_close
                0x000000000800a4d0       0x20 build/obj/tcp.o
                0x000000000800a4d0                tcp_close
 .text.tcp_recv_null
                0x000000000800a4f0       0x30 build/obj/tcp.o
                0x000000000800a4f0                tcp_recv_null
 .text.tcp_process_refused_data
                0x000000000800a520       0x70 build/obj/tcp.o
                0x000000000800a520                tcp_process_refused_data
 .text.tcp_fasttmr
                0x000000000800a590       0x70 build/obj/tcp.o
                0x000000000800a590                tcp_fasttmr
 .text.tcp_tmr  0x000000000800a600       0x30 build/obj/tcp.o
                0x000000000800a600                tcp_tmr
 .text.tcp_eff_send_mss
                0x000000000800a630       0x20 build/obj/tcp.o
                0x000000000800a630                tcp_eff_send_mss
 .text.tcp_connect
                0x000000000800a650      0x130 build/obj/tcp.o
                0x000000000800a650                tcp_connect
 .text.tcp_parseopt
                0x000000000800a780       0x90 build/obj/tcp_in.o
 .text.tcp_oos_insert_segment
                0x000000000800a810       0xb0 build/obj/tcp_in.o
 .text.tcp_receive
                0x000000000800a8c0      0x9c0 build/obj/tcp_in.o
 .text.tcp_input
                0x000000000800b280      0xb20 build/obj/tcp_in.o
                0x000000000800b280                tcp_input
 .text.tcp_pbuf_prealloc
                0x000000000800bda0       0x70 build/obj/tcp_out.o
 .text.tcp_create_segment
                0x000000000800be10       0xc0 build/obj/tcp_out.o
 .text.tcp_output_alloc_header.constprop.0
                0x000000000800bed0       0x70 build/obj/tcp_out.o
 .text.tcp_write
                0x000000000800bf40      0x490 build/obj/tcp_out.o
                0x000000000800bf40                tcp_write
 .text.tcp_enqueue_flags
                0x000000000800c3d0      0x140 build/obj/tcp_out.o
                0x000000000800c3d0                tcp_enqueue_flags
 .text.tcp_send_fin
                0x000000000800c510       0x50 build/obj/tcp_out.o
                0x000000000800c510                tcp_send_fin
 .text.tcp_send_empty_ack
                0x000000000800c560       0x70 build/obj/tcp_out.o
                0x000000000800c560                tcp_send_empty_ack
 .text.tcp_output
                0x000000000800c5d0      0x300 build/obj/tcp_out.o
                0x000000000800c5d0                tcp_output
 .text.tcp_rst  0x000000000800c8d0       0xc0 build/obj/tcp_out.o
                0x000000000800c8d0                tcp_rst
 .text.tcp_rexmit_rto
                0x000000000800c990       0x30 build/obj/tcp_out.o
                0x000000000800c990                tcp_rexmit_rto
 .text.tcp_rexmit
                0x000000000800c9c0       0x60 build/obj/tcp_out.o
                0x000000000800c9c0                tcp_rexmit
 .text.tcp_rexmit_fast
                0x000000000800ca20       0x60 build/obj/tcp_out.o
                0x000000000800ca20                tcp_rexmit_fast
 .text.tcp_keepalive
                0x000000000800ca80       0x70 build/obj/tcp_out.o
                0x000000000800ca80                tcp_keepalive
 .text.tcp_zero_window_probe
                0x000000000800caf0       0xd0 build/obj/tcp_out.o
                0x000000000800caf0                tcp_zero_window_probe
 .text.udp_init
                0x000000000800cbc0       0x10 build/obj/udp.o
                0x000000000800cbc0                udp_init
 .text.udp_input
                0x000000000800cbd0      0x260 build/obj/udp.o
                0x000000000800cbd0                udp_input
 .text.udp_bind
                0x000000000800ce30       0xd0 build/obj/udp.o
                0x000000000800ce30                udp_bind
 .text.udp_sendto_if
                0x000000000800cf00      0x110 build/obj/udp.o
                0x000000000800cf00                udp_sendto_if
 .text.udp_sendto
                0x000000000800d010       0x40 build/obj/udp.o
                0x000000000800d010                udp_sendto
 .text.udp_send
                0x000000000800d050       0x10 build/obj/udp.o
                0x000000000800d050                udp_send
 .text.udp_connect
                0x000000000800d060       0x60 build/obj/udp.o
                0x000000000800d060                udp_connect
 .text.udp_disconnect
                0x000000000800d0c0       0x10 build/obj/udp.o
                0x000000000800d0c0                udp_disconnect
 .text.udp_recv
                0x000000000800d0d0       0x10 build/obj/udp.o
                0x000000000800d0d0                udp_recv
 .text.udp_new  0x000000000800d0e0       0x20 build/obj/udp.o
                0x000000000800d0e0                udp_new
 .text.icmp_send_response
                0x000000000800d100       0xb0 build/obj/icmp.o
 .text.icmp_input
                0x000000000800d1b0      0x1e0 build/obj/icmp.o
                0x000000000800d1b0                icmp_input
 .text.icmp_dest_unreach
                0x000000000800d390       0x10 build/obj/icmp.o
                0x000000000800d390                icmp_dest_unreach
 .text.icmp_time_exceeded
                0x000000000800d3a0       0x10 build/obj/icmp.o
                0x000000000800d3a0                icmp_time_exceeded
 .text.lwip_standard_chksum
                0x000000000800d3b0       0x80 build/obj/inet_chksum.o
 .text.inet_chksum_pseudo
                0x000000000800d430       0x90 build/obj/inet_chksum.o
                0x000000000800d430                inet_chksum_pseudo
 .text.inet_chksum
                0x000000000800d4c0       0x10 build/obj/inet_chksum.o
                0x000000000800d4c0                inet_chksum
 .text.inet_chksum_pbuf
                0x000000000800d4d0       0x60 build/obj/inet_chksum.o
                0x000000000800d4d0                inet_chksum_pbuf
 .text.ip_route
                0x000000000800d530       0x50 build/obj/ip.o
                0x000000000800d530                ip_route
 .text.ip_input
                0x000000000800d580      0x200 build/obj/ip.o
                0x000000000800d580                ip_input
 .text.ip_output_if
                0x000000000800d780      0x130 build/obj/ip.o
                0x000000000800d780                ip_output_if
 .text.ip_output
                0x000000000800d8b0       0x60 build/obj/ip.o
                0x000000000800d8b0                ip_output
 .text.ip4_addr_isbroadcast
                0x000000000800d910       0x30 build/obj/ip_addr.o
                0x000000000800d910                ip4_addr_isbroadcast
 .text.ip_reass_dequeue_datagram
                0x000000000800d940       0x40 build/obj/ip_frag.o
 .text.ip_reass_free_complete_datagram
                0x000000000800d980       0xc0 build/obj/ip_frag.o
 .text.ip_reass_remove_oldest_datagram
                0x000000000800da40       0xa0 build/obj/ip_frag.o
 .text.ipfrag_free_pbuf_custom
                0x000000000800dae0       0x20 build/obj/ip_frag.o
 .text.ip_reass_tmr
                0x000000000800db00       0x30 build/obj/ip_frag.o
                0x000000000800db00                ip_reass_tmr
 .text.ip_reass
                0x000000000800db30      0x370 build/obj/ip_frag.o
                0x000000000800db30                ip_reass
 .text.ip_frag  0x000000000800dea0      0x1e0 build/obj/ip_frag.o
                0x000000000800dea0                ip_frag
 .text.lwip_htons
                0x000000000800e080       0x10 build/obj/def.o
                0x000000000800e080                lwip_htons
 .text.lwip_ntohs
                0x000000000800e090       0x10 build/obj/def.o
                0x000000000800e090                lwip_ntohs
 .text.lwip_htonl
                0x000000000800e0a0       0x10 build/obj/def.o
                0x000000000800e0a0                lwip_htonl
 .text.lwip_ntohl
                0x000000000800e0b0       0x10 build/obj/def.o
                0x000000000800e0b0                lwip_ntohl
 .text.sys_timeout
                0x000000000800e0c0       0x60 build/obj/timers.o
                0x000000000800e0c0                sys_timeout
 .text.sys_timeouts_init
                0x000000000800e120       0x30 build/obj/timers.o
                0x000000000800e120                sys_timeouts_init
 .text.arp_timer
                0x000000000800e150       0x20 build/obj/timers.o
 .text.ip_reass_timer
                0x000000000800e170       0x20 build/obj/timers.o
 .text.tcp_timer_needed
                0x000000000800e190       0x40 build/obj/timers.o
                0x000000000800e190                tcp_timer_needed
 .text.tcpip_tcp_timer
                0x000000000800e1d0       0x40 build/obj/timers.o
 .text.sys_untimeout
                0x000000000800e210       0x50 build/obj/timers.o
                0x000000000800e210                sys_untimeout
 .text.sys_timeouts_mbox_fetch
                0x000000000800e260       0x70 build/obj/timers.o
                0x000000000800e260                sys_timeouts_mbox_fetch
 .text.netconn_new_with_proto_and_callback
                0x000000000800e2d0       0x80 build/obj/api_lib.o
                0x000000000800e2d0                netconn_new_with_proto_and_callback
 .text.netconn_bind
                0x000000000800e350       0x40 build/obj/api_lib.o
                0x000000000800e350                netconn_bind
 .text.netconn_connect
                0x000000000800e390       0x40 build/obj/api_lib.o
                0x000000000800e390                netconn_connect
 .text.netconn_disconnect
                0x000000000800e3d0       0x30 build/obj/api_lib.o
                0x000000000800e3d0                netconn_disconnect
 .text.netconn_send
                0x000000000800e400       0x40 build/obj/api_lib.o
                0x000000000800e400                netconn_send
 .text.setup_tcp
                0x000000000800e440       0x50 build/obj/api_msg.o
 .text.do_connected
                0x000000000800e490       0x90 build/obj/api_msg.o
 .text.do_close_internal
                0x000000000800e520      0x150 build/obj/api_msg.o
 .text.err_tcp  0x000000000800e670       0xc0 build/obj/api_msg.o
 .text.recv_tcp
                0x000000000800e730       0x90 build/obj/api_msg.o
 .text.do_writemore
                0x000000000800e7c0      0x170 build/obj/api_msg.o
 .text.poll_tcp
                0x000000000800e930       0x60 build/obj/api_msg.o
 .text.recv_udp
                0x000000000800e990       0xa0 build/obj/api_msg.o
 .text.recv_raw
                0x000000000800ea30       0x90 build/obj/api_msg.o
 .text.sent_tcp
                0x000000000800eac0       0x60 build/obj/api_msg.o
 .text.do_newconn
                0x000000000800eb20       0xa0 build/obj/api_msg.o
                0x000000000800eb20                do_newconn
 .text.netconn_alloc
                0x000000000800ebc0       0x90 build/obj/api_msg.o
                0x000000000800ebc0                netconn_alloc
 .text.do_bind  0x000000000800ec50       0x60 build/obj/api_msg.o
                0x000000000800ec50                do_bind
 .text.do_connect
                0x000000000800ecb0       0xb0 build/obj/api_msg.o
                0x000000000800ecb0                do_connect
 .text.do_disconnect
                0x000000000800ed60       0x30 build/obj/api_msg.o
                0x000000000800ed60                do_disconnect
 .text.do_send  0x000000000800ed90       0x80 build/obj/api_msg.o
                0x000000000800ed90                do_send
 .text.netbuf_new
                0x000000000800ee10       0x20 build/obj/netbuf.o
                0x000000000800ee10                netbuf_new
 .text.netbuf_delete
                0x000000000800ee30       0x30 build/obj/netbuf.o
                0x000000000800ee30                netbuf_delete
 .text.netbuf_alloc
                0x000000000800ee60       0x40 build/obj/netbuf.o
                0x000000000800ee60                netbuf_alloc
 .text.lwip_socket_init
                0x000000000800eea0       0x10 build/obj/sockets.o
                0x000000000800eea0                lwip_socket_init
 .text.tcpip_thread
                0x000000000800eeb0       0xb0 build/obj/tcpip.o
 .text.tcpip_input
                0x000000000800ef60       0x50 build/obj/tcpip.o
                0x000000000800ef60                tcpip_input
 .text.tcpip_callback_with_block
                0x000000000800efb0       0x60 build/obj/tcpip.o
                0x000000000800efb0                tcpip_callback_with_block
 .text.tcpip_apimsg
                0x000000000800f010       0x40 build/obj/tcpip.o
                0x000000000800f010                tcpip_apimsg
 .text.tcpip_init
                0x000000000800f050       0x50 build/obj/tcpip.o
                0x000000000800f050                tcpip_init
 .text.tmrcb    0x000000000800f0a0       0x40 build/obj/evtimer.o
 .text.evtStart
                0x000000000800f0e0       0x30 build/obj/evtimer.o
                0x000000000800f0e0                evtStart
 .text.long_to_string_with_divisor.constprop.0
                0x000000000800f110       0x50 build/obj/chprintf.o
 .text.chprintf
                0x000000000800f160      0x2d0 build/obj/chprintf.o
                0x000000000800f160                chprintf
 .text._strtok.constprop.2
                0x000000000800f430       0x40 build/obj/shell.o
 .text.cmd_systime
                0x000000000800f470       0x30 build/obj/shell.o
 .text.cmd_info
                0x000000000800f4a0       0xc0 build/obj/shell.o
 .text.shellInit
                0x000000000800f560       0x10 build/obj/shell.o
                0x000000000800f560                shellInit
 .text.shellCreate
                0x000000000800f570       0x20 build/obj/shell.o
                0x000000000800f570                shellCreate
 .text.shellGetLine
                0x000000000800f590       0xa0 build/obj/shell.o
                0x000000000800f590                shellGetLine
 .text.shell_thread
                0x000000000800f630      0x1c0 build/obj/shell.o
 .text.iwdg_lld_init
                0x000000000800f7f0       0x30 build/obj/iwdg_lld.o
                0x000000000800f7f0                iwdg_lld_init
 .text.iwdg_lld_reload
                0x000000000800f820       0x30 build/obj/iwdg_lld.o
                0x000000000800f820                iwdg_lld_reload
 .text.iwdg_lld_set_prescale
                0x000000000800f850       0x30 build/obj/iwdg_lld.o
                0x000000000800f850                iwdg_lld_set_prescale
 .text.iwdg_begin
                0x000000000800f880       0x30 build/obj/iwdg_lld.o
                0x000000000800f880                iwdg_begin
 .text.mpl3115a2_start
                0x000000000800f8b0       0x40 build/obj/MPL3115A2.o
                0x000000000800f8b0                mpl3115a2_start
 .text.mpl3115a2_init
                0x000000000800f8f0       0xd0 build/obj/MPL3115A2.o
                0x000000000800f8f0                mpl3115a2_init
 .text.mpl3115a2_get_bar
                0x000000000800f9c0       0xc0 build/obj/MPL3115A2.o
                0x000000000800f9c0                mpl3115a2_get_bar
 .text.mpl3115a2_get_temperature
                0x000000000800fa80       0x90 build/obj/MPL3115A2.o
                0x000000000800fa80                mpl3115a2_get_temperature
 .text.cmd_mem  0x000000000800fb10       0x60 build/obj/cmddetail.o
                0x000000000800fb10                cmd_mem
 .text.cmd_threads
                0x000000000800fb70       0x70 build/obj/cmddetail.o
                0x000000000800fb70                cmd_threads
 .text.extdetail_init
                0x000000000800fbe0       0x10 build/obj/extdetail.o
                0x000000000800fbe0                extdetail_init
 .text.extdetail_WKUP_button_handler
                0x000000000800fbf0       0x40 build/obj/extdetail.o
                0x000000000800fbf0                extdetail_WKUP_button_handler
 .text.get_descriptor
                0x000000000800fc30       0x40 build/obj/usbdetail.o
                0x000000000800fc30                get_descriptor
 .text.usb_event
                0x000000000800fc70       0x50 build/obj/usbdetail.o
                0x000000000800fc70                usb_event
 .text.Thread_blinker
                0x000000000800fcc0       0x30 build/obj/main.o
 .text.Thread_mpl3115a2
                0x000000000800fcf0      0x190 build/obj/main.o
 .text.Thread_indwatchdog
                0x000000000800fe80       0x20 build/obj/main.o
 *(.rodata)
 .rodata        0x000000000800fea0       0x20 /home/david/toolchains/psas/x-tools/stm32f407/arm-psas-eabi/bin/../lib/gcc/arm-psas-eabi/4.7.2/../../../../arm-psas-eabi/lib/libc.a(lib_a-svfprintf.o)
 .rodata        0x000000000800fec0      0x101 /home/david/toolchains/psas/x-tools/stm32f407/arm-psas-eabi/bin/../lib/gcc/arm-psas-eabi/4.7.2/../../../../arm-psas-eabi/lib/libc.a(lib_a-ctype_.o)
                0x000000000800fec0                _ctype_
 *fill*         0x000000000800ffc1        0xf 00
 .rodata        0x000000000800ffd0        0x4 /home/david/toolchains/psas/x-tools/stm32f407/arm-psas-eabi/bin/../lib/gcc/arm-psas-eabi/4.7.2/../../../../arm-psas-eabi/lib/libc.a(lib_a-impure.o)
                0x000000000800ffd0                _global_impure_ptr
 *fill*         0x000000000800ffd4        0xc 00
 .rodata        0x000000000800ffe0       0x20 /home/david/toolchains/psas/x-tools/stm32f407/arm-psas-eabi/bin/../lib/gcc/arm-psas-eabi/4.7.2/../../../../arm-psas-eabi/lib/libc.a(lib_a-svfiprintf.o)
 *(.rodata.*)
 .rodata.str1.4
                0x0000000008010000        0x5 build/obj/chsys.o
                                          0x8 (size before relaxing)
 *fill*         0x0000000008010005        0xb 00
 .rodata.str1.4
                0x0000000008010010       0x56 build/obj/chdebug.o
                                         0x58 (size before relaxing)
 *fill*         0x0000000008010066        0xa 00
 .rodata.str1.4
                0x0000000008010070       0x31 build/obj/chvt.o
                                         0x34 (size before relaxing)
 *fill*         0x00000000080100a1        0xf 00
 .rodata.str1.4
                0x00000000080100b0       0x23 build/obj/chschd.o
                                         0x24 (size before relaxing)
 *fill*         0x00000000080100d3        0xd 00
 .rodata.str1.4
                0x00000000080100e0       0x94 build/obj/chthreads.o
 *fill*         0x0000000008010174        0xc 00
 .rodata.str1.4
                0x0000000008010180       0x46 build/obj/chdynamic.o
                                         0x48 (size before relaxing)
 *fill*         0x00000000080101c6        0xa 00
 .rodata.ch_debug
                0x00000000080101d0       0x18 build/obj/chregistry.o
                0x00000000080101d0                ch_debug
 *fill*         0x00000000080101e8        0x8 00
 .rodata.str1.4
                0x00000000080101f0       0x16 build/obj/chregistry.o
                                         0x18 (size before relaxing)
 *fill*         0x0000000008010206        0xa 00
 .rodata.str1.4
                0x0000000008010210      0x146 build/obj/chsem.o
                                        0x148 (size before relaxing)
 *fill*         0x0000000008010356        0xa 00
 .rodata.str1.4
                0x0000000008010360       0xab build/obj/chmtx.o
                                         0xac (size before relaxing)
 *fill*         0x000000000801040b        0x5 00
 .rodata.str1.4
                0x0000000008010410       0x90 build/obj/chevents.o
 .rodata.str1.4
                0x00000000080104a0       0x87 build/obj/chmboxes.o
                                         0x88 (size before relaxing)
 *fill*         0x0000000008010527        0x9 00
 .rodata.str1.4
                0x0000000008010530       0x29 build/obj/chqueues.o
                                         0x2c (size before relaxing)
 *fill*         0x0000000008010559        0x7 00
 .rodata.str1.4
                0x0000000008010560       0x31 build/obj/chheap.o
                                         0x34 (size before relaxing)
 *fill*         0x0000000008010591        0xf 00
 .rodata.str1.4
                0x00000000080105a0       0x48 build/obj/chmempools.o
 *fill*         0x00000000080105e8        0x8 00
 .rodata.str1.4
                0x00000000080105f0       0xea build/obj/i2c.o
                                         0xec (size before relaxing)
 *fill*         0x00000000080106da        0x6 00
 .rodata.str1.4
                0x00000000080106e0      0x130 build/obj/mac.o
 .rodata.str1.4
                0x0000000008010810       0x5f build/obj/serial.o
                                         0x60 (size before relaxing)
 *fill*         0x000000000801086f        0x1 00
 .rodata.vmt    0x0000000008010870       0x20 build/obj/serial.o
 .rodata.str1.4
                0x0000000008010890       0x2e build/obj/serial_usb.o
                                         0x3c (size before relaxing)
 *fill*         0x00000000080108be        0x2 00
 .rodata.vmt    0x00000000080108c0       0x20 build/obj/serial_usb.o
 .rodata.zero_status
                0x00000000080108e0        0x4 build/obj/usb.o
 *fill*         0x00000000080108e4        0xc 00
 .rodata.active_status
                0x00000000080108f0        0x4 build/obj/usb.o
 *fill*         0x00000000080108f4        0xc 00
 .rodata.str1.4
                0x0000000008010900      0x122 build/obj/usb.o
                                        0x124 (size before relaxing)
 *fill*         0x0000000008010a22        0xe 00
 .rodata.halted_status
                0x0000000008010a30        0x4 build/obj/usb.o
 *fill*         0x0000000008010a34        0xc 00
 .rodata.str1.4
                0x0000000008010a40       0x31 build/obj/stm32_dma.o
                                         0x34 (size before relaxing)
 *fill*         0x0000000008010a71        0xf 00
 .rodata._stm32_dma_streams
                0x0000000008010a80       0xc0 build/obj/stm32_dma.o
                0x0000000008010a80                _stm32_dma_streams
 .rodata.default_mac_address
                0x0000000008010b40        0x8 build/obj/mac_lld.o
 *fill*         0x0000000008010b48        0x8 00
 .rodata.str1.4
                0x0000000008010b50       0xa6 build/obj/mac_lld.o
                                         0xa8 (size before relaxing)
 *fill*         0x0000000008010bf6        0xa 00
 .rodata.str1.4
                0x0000000008010c00       0xe8 build/obj/i2c_lld.o
 *fill*         0x0000000008010ce8        0x8 00
 .rodata.fsparams
                0x0000000008010cf0        0xc build/obj/usb_lld.o
 *fill*         0x0000000008010cfc        0x4 00
 .rodata.str1.4
                0x0000000008010d00       0x25 build/obj/usb_lld.o
                                         0x28 (size before relaxing)
 *fill*         0x0000000008010d25        0xb 00
 .rodata.ep0config
                0x0000000008010d30       0x24 build/obj/usb_lld.o
 *fill*         0x0000000008010d54        0xc 00
 .rodata.pal_default_config
                0x0000000008010d60       0xfc build/obj/board.o
                0x0000000008010d60                pal_default_config
 *fill*         0x0000000008010e5c        0x4 00
 .rodata.mac_config.7974
                0x0000000008010e60        0x4 build/obj/lwipthread.o
 *fill*         0x0000000008010e64        0xc 00
 .rodata.str1.4
                0x0000000008010e70        0xb build/obj/lwipthread.o
                                          0xc (size before relaxing)
 *fill*         0x0000000008010e7b        0x5 00
 .rodata.ethbroadcast
                0x0000000008010e80        0x8 build/obj/etharp.o
                0x0000000008010e80                ethbroadcast
 *fill*         0x0000000008010e88        0x8 00
 .rodata.ethzero
                0x0000000008010e90        0x8 build/obj/etharp.o
                0x0000000008010e90                ethzero
 *fill*         0x0000000008010e98        0x8 00
 .rodata.memp_num
                0x0000000008010ea0       0x1c build/obj/memp.o
 *fill*         0x0000000008010ebc        0x4 00
 .rodata.memp_sizes
                0x0000000008010ec0       0x1c build/obj/memp.o
 *fill*         0x0000000008010edc        0x4 00
 .rodata.tcp_pcb_lists
                0x0000000008010ee0       0x10 build/obj/tcp.o
                0x0000000008010ee0                tcp_pcb_lists
 .rodata.tcp_backoff
                0x0000000008010ef0       0x10 build/obj/tcp.o
                0x0000000008010ef0                tcp_backoff
 .rodata.tcp_persist_backoff
                0x0000000008010f00        0x8 build/obj/tcp.o
                0x0000000008010f00                tcp_persist_backoff
 *fill*         0x0000000008010f08        0x8 00
 .rodata.str1.4
                0x0000000008010f10        0xd build/obj/tcpip.o
                                         0x10 (size before relaxing)
 *fill*         0x0000000008010f1d        0x3 00
 .rodata.str1.4
                0x0000000008010f20        0x7 build/obj/chprintf.o
                                          0x8 (size before relaxing)
 *fill*         0x0000000008010f27        0x9 00
 .rodata.str1.4
                0x0000000008010f30      0x1e9 build/obj/shell.o
                                        0x1f0 (size before relaxing)
 *fill*         0x0000000008011119        0x7 00
 .rodata.states.8267
                0x0000000008011120       0x3c build/obj/cmddetail.o
 *fill*         0x000000000801115c        0x4 00
 .rodata.str1.4
                0x0000000008011160      0x14e build/obj/cmddetail.o
                                        0x150 (size before relaxing)
 *fill*         0x00000000080112ae        0x2 00
 .rodata.str1.4
                0x00000000080112b0       0x2e build/obj/extdetail.o
                                         0x30 (size before relaxing)
 *fill*         0x00000000080112de        0x2 00
 .rodata.ep1config
                0x00000000080112e0       0x24 build/obj/usbdetail.o
 *fill*         0x0000000008011304        0xc 00
 .rodata.vcom_configuration_descriptor_data
                0x0000000008011310       0x44 build/obj/usbdetail.o
 *fill*         0x0000000008011354        0xc 00
 .rodata.vcom_configuration_descriptor
                0x0000000008011360        0x8 build/obj/usbdetail.o
 *fill*         0x0000000008011368        0x8 00
 .rodata.ep2config
                0x0000000008011370       0x24 build/obj/usbdetail.o
 *fill*         0x0000000008011394        0xc 00
 .rodata.usbcfg
                0x00000000080113a0       0x10 build/obj/usbdetail.o
                0x00000000080113a0                usbcfg
 .rodata.vcom_device_descriptor_data
                0x00000000080113b0       0x14 build/obj/usbdetail.o
 *fill*         0x00000000080113c4        0xc 00
 .rodata.vcom_string0
                0x00000000080113d0        0x4 build/obj/usbdetail.o
 *fill*         0x00000000080113d4        0xc 00
 .rodata.vcom_string1
                0x00000000080113e0       0x28 build/obj/usbdetail.o
 *fill*         0x0000000008011408        0x8 00
 .rodata.vcom_string2
                0x0000000008011410       0x38 build/obj/usbdetail.o
 *fill*         0x0000000008011448        0x8 00
 .rodata.vcom_string3
                0x0000000008011450       0x14 build/obj/usbdetail.o
 *fill*         0x0000000008011464        0xc 00
 .rodata.vcom_strings
                0x0000000008011470       0x20 build/obj/usbdetail.o
 .rodata.serusbcfg
                0x0000000008011490        0x4 build/obj/usbdetail.o
                0x0000000008011490                serusbcfg
 *fill*         0x0000000008011494        0xc 00
 .rodata.vcom_device_descriptor
                0x00000000080114a0        0x8 build/obj/usbdetail.o
 *fill*         0x00000000080114a8        0x8 00
 .rodata.str1.4
                0x00000000080114b0       0x58 build/obj/main.o
 *fill*         0x0000000008011508        0x8 00
 .rodata.mpl3115a2_config
                0x0000000008011510        0xc build/obj/main.o
                0x0000000008011510                mpl3115a2_config
 *fill*         0x000000000801151c        0x4 00
 .rodata.shell_cfg1
                0x0000000008011520        0x8 build/obj/main.o
 *fill*         0x0000000008011528        0x8 00
 .rodata.evhndl_main.8957
                0x0000000008011530        0x4 build/obj/main.o
 *fill*         0x0000000008011534        0xc 00
 .rodata.commands
                0x0000000008011540       0x18 build/obj/main.o
 *fill*         0x0000000008011558        0x8 00
 .rodata.str1.1
                0x0000000008011560       0x22 /home/david/toolchains/psas/x-tools/stm32f407/arm-psas-eabi/bin/../lib/gcc/arm-psas-eabi/4.7.2/../../../../arm-psas-eabi/lib/libc.a(lib_a-svfprintf.o)
 *fill*         0x0000000008011582        0xe 00
 .rodata.str1.1
                0x0000000008011590        0x2 /home/david/toolchains/psas/x-tools/stm32f407/arm-psas-eabi/bin/../lib/gcc/arm-psas-eabi/4.7.2/../../../../arm-psas-eabi/lib/libc.a(lib_a-impure.o)
 .rodata.str1.1